#-----------------------------------------------------------
# Vivado v2024.2 (64-bit)
# SW Build 5239630 on Fri Nov 08 22:35:27 MST 2024
# IP Build 5239520 on Sun Nov 10 16:12:51 MST 2024
# SharedData Build 5239561 on Fri Nov 08 14:39:27 MST 2024
# Start of session at: Fri May 15 05:04:34 2026
# Process ID         : 28780
# Current directory  : D:/Laptop/College/Projects/EL VI sem/6th_sem_final/6th_sem_final
# Command line       : vivado.exe -gui_launcher_event rodinguilauncherevent14492 D:\Laptop\College\Projects\EL VI sem\6th_sem_final\6th_sem_final\6th_sem_final.xpr
# Log file           : D:/Laptop/College/Projects/EL VI sem/6th_sem_final/6th_sem_final/vivado.log
# Journal file       : D:/Laptop/College/Projects/EL VI sem/6th_sem_final/6th_sem_final\vivado.jou
# Running On         : K_Victus
# Platform           : Windows Server 2016 or Windows 10
# Operating System   : 26200
# Processor Detail   : AMD Ryzen 5 7535HS with Radeon Graphics        
# CPU Frequency      : 3294 MHz
# CPU Physical cores : 6
# CPU Logical cores  : 12
# Host memory        : 7739 MB
# Swap memory        : 24626 MB
# Total Virtual      : 32366 MB
# Available Virtual  : 9045 MB
#-----------------------------------------------------------
start_gui
open_project {D:/Laptop/College/Projects/EL VI sem/6th_sem_final/6th_sem_final/6th_sem_final.xpr}
INFO: [filemgmt 56-3] Default IP Output Path : Could not find the directory 'D:/Laptop/College/Projects/EL VI sem/6th_sem_final/6th_sem_final/6th_sem_final.gen/sources_1'.
CRITICAL WARNING: [Project 1-19] Could not find the file 'D:/Laptop/College/Projects/EL VI sem/6th_sem_final/6thSem (2)/6thSem/6thSem/tb_cache_behav.wcfg'.
Scanning sources...
Finished scanning sources
INFO: [IP_Flow 19-234] Refreshing IP repositories
INFO: [IP_Flow 19-1704] No user IP repositories specified
INFO: [IP_Flow 19-2313] Loaded Vivado IP repository 'D:/Vivado/2024.2/data/ip'.
open_project: Time (s): cpu = 00:00:12 ; elapsed = 00:00:08 . Memory (MB): peak = 1204.363 ; gain = 108.531
update_compile_order -fileset sources_1
launch_simulation
Command: launch_simulation 
INFO: [Vivado 12-12493] Simulation top is 'tb_cache'
WARNING: [Vivado 12-13340] Unable to auto find GCC executables from simulator install path! (path not set)
INFO: [Vivado 12-5682] Launching behavioral simulation in 'D:/Laptop/College/Projects/EL VI sem/6th_sem_final/6th_sem_final/6th_sem_final.sim/sim_1/behav/xsim'
INFO: [SIM-utils-51] Simulation object is 'sim_1'
INFO: [SIM-utils-72] Using boost library from 'D:/Vivado/2024.2/tps/boost_1_72_0'
INFO: [SIM-utils-54] Inspecting design source files for 'tb_cache' in fileset 'sim_1'...
INFO: [USF-XSim-97] Finding global include files...
INFO: [USF-XSim-98] Fetching design files from 'sim_1'...
INFO: [USF-XSim-2] XSim::Compile design
INFO: [USF-XSim-61] Executing 'COMPILE and ANALYZE' step in 'D:/Laptop/College/Projects/EL VI sem/6th_sem_final/6th_sem_final/6th_sem_final.sim/sim_1/behav/xsim'
"xvlog --incr --relax -prj tb_cache_vlog.prj"
INFO: [VRFC 10-2263] Analyzing Verilog file "D:/Laptop/College/Projects/EL VI sem/6th_sem_final/6th_sem_final/6th_sem_final.srcs/sources_1/imports/sources_1/imports/filesss/EX_MEM_reg.v" into library xil_defaultlib
INFO: [VRFC 10-311] analyzing module EX_MEM_reg
INFO: [VRFC 10-2263] Analyzing Verilog file "D:/Laptop/College/Projects/EL VI sem/6th_sem_final/6th_sem_final/6th_sem_final.srcs/sources_1/imports/sources_1/imports/filesss/ID_EX_reg.v" into library xil_defaultlib
INFO: [VRFC 10-311] analyzing module ID_EX_reg
INFO: [VRFC 10-2263] Analyzing Verilog file "D:/Laptop/College/Projects/EL VI sem/6th_sem_final/6th_sem_final/6th_sem_final.srcs/sources_1/imports/sources_1/imports/IF_ID_reg.v" into library xil_defaultlib
INFO: [VRFC 10-311] analyzing module IF_ID_reg
INFO: [VRFC 10-2263] Analyzing Verilog file "D:/Laptop/College/Projects/EL VI sem/6th_sem_final/6th_sem_final/6th_sem_final.srcs/sources_1/imports/sources_1/imports/filesss/MEM_WB_reg.v" into library xil_defaultlib
INFO: [VRFC 10-311] analyzing module MEM_WB_reg
INFO: [VRFC 10-2263] Analyzing Verilog file "D:/Laptop/College/Projects/EL VI sem/6th_sem_final/6th_sem_final/6th_sem_final.srcs/sources_1/imports/sources_1/imports/alu.v" into library xil_defaultlib
INFO: [VRFC 10-311] analyzing module alu
INFO: [VRFC 10-2263] Analyzing Verilog file "D:/Laptop/College/Projects/EL VI sem/6th_sem_final/6th_sem_final/6th_sem_final.srcs/sources_1/imports/sources_1/imports/alu_control.v" into library xil_defaultlib
INFO: [VRFC 10-311] analyzing module alu_control
INFO: [VRFC 10-2263] Analyzing Verilog file "D:/Laptop/College/Projects/EL VI sem/6th_sem_final/6th_sem_final/6th_sem_final.srcs/sources_1/imports/sources_1/imports/filesss/control_unit.v" into library xil_defaultlib
INFO: [VRFC 10-311] analyzing module control_unit
INFO: [VRFC 10-2263] Analyzing Verilog file "D:/Laptop/College/Projects/EL VI sem/6th_sem_final/6th_sem_final/6th_sem_final.srcs/sources_1/imports/sources_1/imports/data_memory.v" into library xil_defaultlib
INFO: [VRFC 10-311] analyzing module data_memory
INFO: [VRFC 10-2263] Analyzing Verilog file "D:/Laptop/College/Projects/EL VI sem/6th_sem_final/6th_sem_final/6th_sem_final.srcs/sources_1/imports/sources_1/imports/filesss/datapath.v" into library xil_defaultlib
INFO: [VRFC 10-311] analyzing module datapath
WARNING: [VRFC 10-2938] 'obs_valid_w' is already implicitly declared on line 373 [D:/Laptop/College/Projects/EL VI sem/6th_sem_final/6th_sem_final/6th_sem_final.srcs/sources_1/imports/sources_1/imports/filesss/datapath.v:421]
INFO: [VRFC 10-2263] Analyzing Verilog file "D:/Laptop/College/Projects/EL VI sem/6th_sem_final/6th_sem_final/6th_sem_final.srcs/sources_1/imports/sources_1/imports/forwarding_unit.v" into library xil_defaultlib
INFO: [VRFC 10-311] analyzing module forwarding_unit
INFO: [VRFC 10-2263] Analyzing Verilog file "D:/Laptop/College/Projects/EL VI sem/6th_sem_final/6th_sem_final/6th_sem_final.srcs/sources_1/imports/sources_1/imports/hazard_detection_unit.v" into library xil_defaultlib
INFO: [VRFC 10-311] analyzing module hazard_detection_unit1
INFO: [VRFC 10-2263] Analyzing Verilog file "D:/Laptop/College/Projects/EL VI sem/6th_sem_final/6th_sem_final/6th_sem_final.srcs/sources_1/imports/sources_1/imports/imm_gen.v" into library xil_defaultlib
INFO: [VRFC 10-311] analyzing module imm_gen
INFO: [VRFC 10-2263] Analyzing Verilog file "D:/Laptop/College/Projects/EL VI sem/6th_sem_final/6th_sem_final/6th_sem_final.srcs/sources_1/imports/sources_1/imports/instruction_memory.v" into library xil_defaultlib
INFO: [VRFC 10-311] analyzing module instruction_memory
INFO: [VRFC 10-2263] Analyzing Verilog file "D:/Laptop/College/Projects/EL VI sem/6th_sem_final/6th_sem_final/6th_sem_final.srcs/sources_1/imports/sources_1/new/l1_cache.v" into library xil_defaultlib
INFO: [VRFC 10-311] analyzing module l1_cache
INFO: [VRFC 10-2263] Analyzing Verilog file "D:/Laptop/College/Projects/EL VI sem/6th_sem_final/6th_sem_final/6th_sem_final.srcs/sources_1/imports/6thSem/ml_prefetcher_m4.v" into library xil_defaultlib
INFO: [VRFC 10-311] analyzing module ml_prefetcher_m4
INFO: [VRFC 10-2263] Analyzing Verilog file "D:/Laptop/College/Projects/EL VI sem/6th_sem_final/6th_sem_final/6th_sem_final.srcs/sources_1/imports/6thSem/mlp_engine_m4.v" into library xil_defaultlib
INFO: [VRFC 10-311] analyzing module mlp_engine_m4
INFO: [VRFC 10-2263] Analyzing Verilog file "D:/Laptop/College/Projects/EL VI sem/6th_sem_final/6th_sem_final/6th_sem_final.srcs/sources_1/imports/sources_1/imports/pc.v" into library xil_defaultlib
INFO: [VRFC 10-311] analyzing module pc
INFO: [VRFC 10-2263] Analyzing Verilog file "D:/Laptop/College/Projects/EL VI sem/6th_sem_final/6th_sem_final/6th_sem_final.srcs/sources_1/new/prefetch_buffer.v" into library xil_defaultlib
INFO: [VRFC 10-311] analyzing module prefetch_buffer
INFO: [VRFC 10-2263] Analyzing Verilog file "D:/Laptop/College/Projects/EL VI sem/6th_sem_final/6th_sem_final/6th_sem_final.srcs/sources_1/new/prefetch_controller.v" into library xil_defaultlib
INFO: [VRFC 10-311] analyzing module prefetch_controller
INFO: [VRFC 10-2263] Analyzing Verilog file "D:/Laptop/College/Projects/EL VI sem/6th_sem_final/6th_sem_final/6th_sem_final.srcs/sources_1/new/prefetch_filter.v" into library xil_defaultlib
INFO: [VRFC 10-311] analyzing module prefetch_filter
INFO: [VRFC 10-2263] Analyzing Verilog file "D:/Laptop/College/Projects/EL VI sem/6th_sem_final/6th_sem_final/6th_sem_final.srcs/sources_1/imports/sources_1/imports/register_file.v" into library xil_defaultlib
INFO: [VRFC 10-311] analyzing module register_file
INFO: [VRFC 10-2263] Analyzing Verilog file "D:/Laptop/College/Projects/EL VI sem/6th_sem_final/6th_sem_final/6th_sem_final.srcs/sim_1/imports/new/tb_cache.v" into library xil_defaultlib
INFO: [VRFC 10-311] analyzing module tb_cache
WARNING: [VRFC 10-8497] literal value 'd4 truncated to fit in 2 bits [D:/Laptop/College/Projects/EL VI sem/6th_sem_final/6th_sem_final/6th_sem_final.srcs/sim_1/imports/new/tb_cache.v:31]
WARNING: [VRFC 10-8497] literal value 'd4 truncated to fit in 2 bits [D:/Laptop/College/Projects/EL VI sem/6th_sem_final/6th_sem_final/6th_sem_final.srcs/sim_1/imports/new/tb_cache.v:100]
WARNING: [VRFC 10-8497] literal value 'd4 truncated to fit in 2 bits [D:/Laptop/College/Projects/EL VI sem/6th_sem_final/6th_sem_final/6th_sem_final.srcs/sim_1/imports/new/tb_cache.v:108]
WARNING: [VRFC 10-8497] literal value 'd4 truncated to fit in 2 bits [D:/Laptop/College/Projects/EL VI sem/6th_sem_final/6th_sem_final/6th_sem_final.srcs/sim_1/imports/new/tb_cache.v:116]
WARNING: [VRFC 10-8497] literal value 'd4 truncated to fit in 2 bits [D:/Laptop/College/Projects/EL VI sem/6th_sem_final/6th_sem_final/6th_sem_final.srcs/sim_1/imports/new/tb_cache.v:124]
run_program: Time (s): cpu = 00:00:01 ; elapsed = 00:00:08 . Memory (MB): peak = 1219.332 ; gain = 0.000
INFO: [USF-XSim-69] 'compile' step finished in '8' seconds
INFO: [USF-XSim-3] XSim::Elaborate design
INFO: [USF-XSim-61] Executing 'ELABORATE' step in 'D:/Laptop/College/Projects/EL VI sem/6th_sem_final/6th_sem_final/6th_sem_final.sim/sim_1/behav/xsim'
"xelab --incr --debug typical --relax --mt 2 -L xil_defaultlib -L unisims_ver -L unimacro_ver -L secureip --snapshot tb_cache_behav xil_defaultlib.tb_cache xil_defaultlib.glbl -log elaborate.log"
Vivado Simulator v2024.2.0
Copyright 1986-2022 Xilinx, Inc. All Rights Reserved.
Copyright 2022-2024 Advanced Micro Devices, Inc. All Rights Reserved.
Running: D:/Vivado/2024.2/bin/unwrapped/win64.o/xelab.exe --incr --debug typical --relax --mt 2 -L xil_defaultlib -L unisims_ver -L unimacro_ver -L secureip --snapshot tb_cache_behav xil_defaultlib.tb_cache xil_defaultlib.glbl -log elaborate.log 
Using 2 slave threads.
Starting static elaboration
Pass Through NonSizing Optimizer
Completed static elaboration
Starting simulation data flow analysis
WARNING: [XSIM 43-4099] "D:/Laptop/College/Projects/EL VI sem/6th_sem_final/6th_sem_final/6th_sem_final.srcs/sources_1/imports/sources_1/imports/filesss/datapath.v" Line 21. Module datapath doesn't have a timescale but at least one module in design has a timescale.
WARNING: [XSIM 43-4099] "D:/Laptop/College/Projects/EL VI sem/6th_sem_final/6th_sem_final/6th_sem_final.srcs/sources_1/imports/sources_1/imports/IF_ID_reg.v" Line 6. Module IF_ID_reg doesn't have a timescale but at least one module in design has a timescale.
WARNING: [XSIM 43-4099] "D:/Laptop/College/Projects/EL VI sem/6th_sem_final/6th_sem_final/6th_sem_final.srcs/sources_1/imports/sources_1/imports/imm_gen.v" Line 4. Module imm_gen doesn't have a timescale but at least one module in design has a timescale.
WARNING: [XSIM 43-4099] "D:/Laptop/College/Projects/EL VI sem/6th_sem_final/6th_sem_final/6th_sem_final.srcs/sources_1/imports/sources_1/imports/filesss/control_unit.v" Line 11. Module control_unit doesn't have a timescale but at least one module in design has a timescale.
WARNING: [XSIM 43-4099] "D:/Laptop/College/Projects/EL VI sem/6th_sem_final/6th_sem_final/6th_sem_final.srcs/sources_1/imports/sources_1/imports/hazard_detection_unit.v" Line 21. Module hazard_detection_unit1 doesn't have a timescale but at least one module in design has a timescale.
WARNING: [XSIM 43-4099] "D:/Laptop/College/Projects/EL VI sem/6th_sem_final/6th_sem_final/6th_sem_final.srcs/sources_1/imports/sources_1/imports/filesss/ID_EX_reg.v" Line 8. Module ID_EX_reg doesn't have a timescale but at least one module in design has a timescale.
WARNING: [XSIM 43-4099] "D:/Laptop/College/Projects/EL VI sem/6th_sem_final/6th_sem_final/6th_sem_final.srcs/sources_1/imports/sources_1/imports/forwarding_unit.v" Line 17. Module forwarding_unit doesn't have a timescale but at least one module in design has a timescale.
WARNING: [XSIM 43-4099] "D:/Laptop/College/Projects/EL VI sem/6th_sem_final/6th_sem_final/6th_sem_final.srcs/sources_1/imports/sources_1/imports/alu_control.v" Line 4. Module alu_control doesn't have a timescale but at least one module in design has a timescale.
WARNING: [XSIM 43-4099] "D:/Laptop/College/Projects/EL VI sem/6th_sem_final/6th_sem_final/6th_sem_final.srcs/sources_1/imports/sources_1/imports/alu.v" Line 4. Module alu doesn't have a timescale but at least one module in design has a timescale.
WARNING: [XSIM 43-4099] "D:/Laptop/College/Projects/EL VI sem/6th_sem_final/6th_sem_final/6th_sem_final.srcs/sources_1/imports/sources_1/imports/filesss/EX_MEM_reg.v" Line 93. Module EX_MEM_reg doesn't have a timescale but at least one module in design has a timescale.
WARNING: [XSIM 43-4099] "D:/Laptop/College/Projects/EL VI sem/6th_sem_final/6th_sem_final/6th_sem_final.srcs/sources_1/imports/sources_1/imports/data_memory.v" Line 4. Module data_memory doesn't have a timescale but at least one module in design has a timescale.
WARNING: [XSIM 43-4099] "D:/Laptop/College/Projects/EL VI sem/6th_sem_final/6th_sem_final/6th_sem_final.srcs/sources_1/imports/sources_1/imports/filesss/MEM_WB_reg.v" Line 61. Module MEM_WB_reg doesn't have a timescale but at least one module in design has a timescale.
WARNING: [XSIM 43-4099] "D:/Laptop/College/Projects/EL VI sem/6th_sem_final/6th_sem_final/6th_sem_final.srcs/sources_1/imports/sources_1/imports/filesss/datapath.v" Line 21. Module datapath doesn't have a timescale but at least one module in design has a timescale.
WARNING: [XSIM 43-4099] "D:/Laptop/College/Projects/EL VI sem/6th_sem_final/6th_sem_final/6th_sem_final.srcs/sources_1/imports/sources_1/imports/IF_ID_reg.v" Line 6. Module IF_ID_reg doesn't have a timescale but at least one module in design has a timescale.
WARNING: [XSIM 43-4099] "D:/Laptop/College/Projects/EL VI sem/6th_sem_final/6th_sem_final/6th_sem_final.srcs/sources_1/imports/sources_1/imports/imm_gen.v" Line 4. Module imm_gen doesn't have a timescale but at least one module in design has a timescale.
WARNING: [XSIM 43-4099] "D:/Laptop/College/Projects/EL VI sem/6th_sem_final/6th_sem_final/6th_sem_final.srcs/sources_1/imports/sources_1/imports/filesss/control_unit.v" Line 11. Module control_unit doesn't have a timescale but at least one module in design has a timescale.
WARNING: [XSIM 43-4099] "D:/Laptop/College/Projects/EL VI sem/6th_sem_final/6th_sem_final/6th_sem_final.srcs/sources_1/imports/sources_1/imports/hazard_detection_unit.v" Line 21. Module hazard_detection_unit1 doesn't have a timescale but at least one module in design has a timescale.
WARNING: [XSIM 43-4099] "D:/Laptop/College/Projects/EL VI sem/6th_sem_final/6th_sem_final/6th_sem_final.srcs/sources_1/imports/sources_1/imports/filesss/ID_EX_reg.v" Line 8. Module ID_EX_reg doesn't have a timescale but at least one module in design has a timescale.
WARNING: [XSIM 43-4099] "D:/Laptop/College/Projects/EL VI sem/6th_sem_final/6th_sem_final/6th_sem_final.srcs/sources_1/imports/sources_1/imports/forwarding_unit.v" Line 17. Module forwarding_unit doesn't have a timescale but at least one module in design has a timescale.
WARNING: [XSIM 43-4099] "D:/Laptop/College/Projects/EL VI sem/6th_sem_final/6th_sem_final/6th_sem_final.srcs/sources_1/imports/sources_1/imports/alu_control.v" Line 4. Module alu_control doesn't have a timescale but at least one module in design has a timescale.
WARNING: [XSIM 43-4099] "D:/Laptop/College/Projects/EL VI sem/6th_sem_final/6th_sem_final/6th_sem_final.srcs/sources_1/imports/sources_1/imports/alu.v" Line 4. Module alu doesn't have a timescale but at least one module in design has a timescale.
WARNING: [XSIM 43-4099] "D:/Laptop/College/Projects/EL VI sem/6th_sem_final/6th_sem_final/6th_sem_final.srcs/sources_1/imports/sources_1/imports/filesss/EX_MEM_reg.v" Line 93. Module EX_MEM_reg doesn't have a timescale but at least one module in design has a timescale.
WARNING: [XSIM 43-4099] "D:/Laptop/College/Projects/EL VI sem/6th_sem_final/6th_sem_final/6th_sem_final.srcs/sources_1/imports/sources_1/imports/data_memory.v" Line 4. Module data_memory doesn't have a timescale but at least one module in design has a timescale.
WARNING: [XSIM 43-4099] "D:/Laptop/College/Projects/EL VI sem/6th_sem_final/6th_sem_final/6th_sem_final.srcs/sources_1/imports/sources_1/imports/filesss/MEM_WB_reg.v" Line 61. Module MEM_WB_reg doesn't have a timescale but at least one module in design has a timescale.
Completed simulation data flow analysis
Time Resolution for simulation is 1ps
Compiling module xil_defaultlib.pc
Compiling module xil_defaultlib.instruction_memory
Compiling module xil_defaultlib.IF_ID_reg
Compiling module xil_defaultlib.register_file
Compiling module xil_defaultlib.imm_gen
Compiling module xil_defaultlib.control_unit
Compiling module xil_defaultlib.hazard_detection_unit1
Compiling module xil_defaultlib.ID_EX_reg
Compiling module xil_defaultlib.forwarding_unit
Compiling module xil_defaultlib.alu_control
Compiling module xil_defaultlib.alu
Compiling module xil_defaultlib.EX_MEM_reg
Compiling module xil_defaultlib.mlp_engine_m4
Compiling module xil_defaultlib.ml_prefetcher_m4
Compiling module xil_defaultlib.prefetch_filter
Compiling module xil_defaultlib.prefetch_controller
Compiling module xil_defaultlib.prefetch_buffer
Compiling module xil_defaultlib.l1_cache_default
Compiling module xil_defaultlib.data_memory
Compiling module xil_defaultlib.MEM_WB_reg
Compiling module xil_defaultlib.datapath
Compiling module xil_defaultlib.tb_cache
Compiling module xil_defaultlib.glbl
Built simulation snapshot tb_cache_behav
run_program: Time (s): cpu = 00:00:01 ; elapsed = 00:00:15 . Memory (MB): peak = 1219.332 ; gain = 0.000
INFO: [USF-XSim-69] 'elaborate' step finished in '15' seconds
INFO: [USF-XSim-4] XSim::Simulate design
WARNING: [USF-XSim-17] WCFG file does not exist:D:/Laptop/College/Projects/EL VI sem/6th_sem_final/6thSem (2)/6thSem/6thSem/tb_cache_behav.wcfg
WARNING: [USF-XSim-17] WCFG file does not exist:D:/Laptop/College/Projects/EL VI sem/6th_sem_final/6thSem (2)/6thSem/6thSem/tb_cache_behav.wcfg
INFO: [USF-XSim-61] Executing 'SIMULATE' step in 'D:/Laptop/College/Projects/EL VI sem/6th_sem_final/6th_sem_final/6th_sem_final.sim/sim_1/behav/xsim'
INFO: [USF-XSim-98] *** Running xsim
   with args "tb_cache_behav -key {Behavioral:sim_1:Functional:tb_cache} -tclbatch {tb_cache.tcl} -log {simulate.log}"
INFO: [USF-XSim-8] Loading simulator feature
Time resolution is 1 ps
source tb_cache.tcl
# set curr_wave [current_wave_config]
# if { [string length $curr_wave] == 0 } {
#   if { [llength [get_objects]] > 0} {
#     add_wave /
#     set_property needs_save false [current_wave_config]
#   } else {
#      send_msg_id Add_Wave-1 WARNING "No top level signals found. Simulator will start without a wave window. If you want to open a wave window go to 'File->New Waveform Configuration' or type 'create_wave_config' in the TCL console."
#   }
# }
# run 1000ns
Writing simulation log to D:/Laptop/College/Projects/EL VI sem/6th_sem_final/6th_sem_final/mem_access_log_updated.csv
xsim: Time (s): cpu = 00:00:07 ; elapsed = 00:00:06 . Memory (MB): peak = 1257.781 ; gain = 22.625
INFO: [USF-XSim-96] XSim completed. Design snapshot 'tb_cache_behav' loaded.
INFO: [USF-XSim-97] XSim simulation ran for 1000ns
launch_simulation: Time (s): cpu = 00:00:11 ; elapsed = 00:00:31 . Memory (MB): peak = 1257.781 ; gain = 38.449
run all
================================================
     ML PREFETCHER PREDICTION REPORT
================================================
last addr seen by ML = 5172
ML predicted delta   = 6
predicted bytes      = 24
pf_addr predicted    = 3472
pf_filled_addr       = 0
expected next addr   = 5196
================================================
     CACHE STATS
================================================
accesses = 3095
hits     = 2213
misses   = 882
================================================
     PREFETCH FLAGS
================================================
ml_done_seen     = 1
pf_req_seen      = 1
pf_accepted_seen = 0
pf_filled_seen   = 0
================================================
     PATTERN COUNTS
================================================
pattern 1 stride     ml_done=0 pf_req=0 pf_acc=0 pf_filled=0
pattern 2 repeat     ml_done=0 pf_req=0 pf_acc=0 pf_filled=0
pattern 3 random     ml_done=2 pf_req=2 pf_acc=0 pf_filled=0
pattern 4 function   ml_done=1 pf_req=1 pf_acc=0 pf_filled=0
================================================
$finish called at time : 80045 ns : File "D:/Laptop/College/Projects/EL VI sem/6th_sem_final/6th_sem_final/6th_sem_final.srcs/sim_1/imports/new/tb_cache.v" Line 185
relaunch_sim
Command: launch_simulation -step compile -simset sim_1 -mode behavioral
INFO: [Vivado 12-12493] Simulation top is 'tb_cache'
WARNING: [Vivado 12-13340] Unable to auto find GCC executables from simulator install path! (path not set)
INFO: [Vivado 12-5682] Launching behavioral simulation in 'D:/Laptop/College/Projects/EL VI sem/6th_sem_final/6th_sem_final/6th_sem_final.sim/sim_1/behav/xsim'
INFO: [SIM-utils-51] Simulation object is 'sim_1'
INFO: [SIM-utils-72] Using boost library from 'D:/Vivado/2024.2/tps/boost_1_72_0'
INFO: [SIM-utils-54] Inspecting design source files for 'tb_cache' in fileset 'sim_1'...
INFO: [USF-XSim-97] Finding global include files...
INFO: [USF-XSim-98] Fetching design files from 'sim_1'...
INFO: [USF-XSim-2] XSim::Compile design
INFO: [USF-XSim-61] Executing 'COMPILE and ANALYZE' step in 'D:/Laptop/College/Projects/EL VI sem/6th_sem_final/6th_sem_final/6th_sem_final.sim/sim_1/behav/xsim'
"xvlog --incr --relax -prj tb_cache_vlog.prj"
INFO: [VRFC 10-2263] Analyzing Verilog file "D:/Laptop/College/Projects/EL VI sem/6th_sem_final/6th_sem_final/6th_sem_final.srcs/sources_1/imports/sources_1/imports/filesss/EX_MEM_reg.v" into library xil_defaultlib
INFO: [VRFC 10-311] analyzing module EX_MEM_reg
INFO: [VRFC 10-2263] Analyzing Verilog file "D:/Laptop/College/Projects/EL VI sem/6th_sem_final/6th_sem_final/6th_sem_final.srcs/sources_1/imports/sources_1/imports/filesss/ID_EX_reg.v" into library xil_defaultlib
INFO: [VRFC 10-311] analyzing module ID_EX_reg
INFO: [VRFC 10-2263] Analyzing Verilog file "D:/Laptop/College/Projects/EL VI sem/6th_sem_final/6th_sem_final/6th_sem_final.srcs/sources_1/imports/sources_1/imports/IF_ID_reg.v" into library xil_defaultlib
INFO: [VRFC 10-311] analyzing module IF_ID_reg
INFO: [VRFC 10-2263] Analyzing Verilog file "D:/Laptop/College/Projects/EL VI sem/6th_sem_final/6th_sem_final/6th_sem_final.srcs/sources_1/imports/sources_1/imports/filesss/MEM_WB_reg.v" into library xil_defaultlib
INFO: [VRFC 10-311] analyzing module MEM_WB_reg
INFO: [VRFC 10-2263] Analyzing Verilog file "D:/Laptop/College/Projects/EL VI sem/6th_sem_final/6th_sem_final/6th_sem_final.srcs/sources_1/imports/sources_1/imports/alu.v" into library xil_defaultlib
INFO: [VRFC 10-311] analyzing module alu
INFO: [VRFC 10-2263] Analyzing Verilog file "D:/Laptop/College/Projects/EL VI sem/6th_sem_final/6th_sem_final/6th_sem_final.srcs/sources_1/imports/sources_1/imports/alu_control.v" into library xil_defaultlib
INFO: [VRFC 10-311] analyzing module alu_control
INFO: [VRFC 10-2263] Analyzing Verilog file "D:/Laptop/College/Projects/EL VI sem/6th_sem_final/6th_sem_final/6th_sem_final.srcs/sources_1/imports/sources_1/imports/filesss/control_unit.v" into library xil_defaultlib
INFO: [VRFC 10-311] analyzing module control_unit
INFO: [VRFC 10-2263] Analyzing Verilog file "D:/Laptop/College/Projects/EL VI sem/6th_sem_final/6th_sem_final/6th_sem_final.srcs/sources_1/imports/sources_1/imports/data_memory.v" into library xil_defaultlib
INFO: [VRFC 10-311] analyzing module data_memory
INFO: [VRFC 10-2263] Analyzing Verilog file "D:/Laptop/College/Projects/EL VI sem/6th_sem_final/6th_sem_final/6th_sem_final.srcs/sources_1/imports/sources_1/imports/filesss/datapath.v" into library xil_defaultlib
INFO: [VRFC 10-311] analyzing module datapath
WARNING: [VRFC 10-2938] 'obs_valid_w' is already implicitly declared on line 367 [D:/Laptop/College/Projects/EL VI sem/6th_sem_final/6th_sem_final/6th_sem_final.srcs/sources_1/imports/sources_1/imports/filesss/datapath.v:410]
INFO: [VRFC 10-2263] Analyzing Verilog file "D:/Laptop/College/Projects/EL VI sem/6th_sem_final/6th_sem_final/6th_sem_final.srcs/sources_1/imports/sources_1/imports/forwarding_unit.v" into library xil_defaultlib
INFO: [VRFC 10-311] analyzing module forwarding_unit
INFO: [VRFC 10-2263] Analyzing Verilog file "D:/Laptop/College/Projects/EL VI sem/6th_sem_final/6th_sem_final/6th_sem_final.srcs/sources_1/imports/sources_1/imports/hazard_detection_unit.v" into library xil_defaultlib
INFO: [VRFC 10-311] analyzing module hazard_detection_unit1
INFO: [VRFC 10-2263] Analyzing Verilog file "D:/Laptop/College/Projects/EL VI sem/6th_sem_final/6th_sem_final/6th_sem_final.srcs/sources_1/imports/sources_1/imports/imm_gen.v" into library xil_defaultlib
INFO: [VRFC 10-311] analyzing module imm_gen
INFO: [VRFC 10-2263] Analyzing Verilog file "D:/Laptop/College/Projects/EL VI sem/6th_sem_final/6th_sem_final/6th_sem_final.srcs/sources_1/imports/sources_1/imports/instruction_memory.v" into library xil_defaultlib
INFO: [VRFC 10-311] analyzing module instruction_memory
INFO: [VRFC 10-2263] Analyzing Verilog file "D:/Laptop/College/Projects/EL VI sem/6th_sem_final/6th_sem_final/6th_sem_final.srcs/sources_1/imports/sources_1/new/l1_cache.v" into library xil_defaultlib
INFO: [VRFC 10-311] analyzing module l1_cache
INFO: [VRFC 10-2263] Analyzing Verilog file "D:/Laptop/College/Projects/EL VI sem/6th_sem_final/6th_sem_final/6th_sem_final.srcs/sources_1/imports/6thSem/ml_prefetcher_m4.v" into library xil_defaultlib
INFO: [VRFC 10-311] analyzing module ml_prefetcher_m4
INFO: [VRFC 10-2263] Analyzing Verilog file "D:/Laptop/College/Projects/EL VI sem/6th_sem_final/6th_sem_final/6th_sem_final.srcs/sources_1/imports/6thSem/mlp_engine_m4.v" into library xil_defaultlib
INFO: [VRFC 10-311] analyzing module mlp_engine_m4
INFO: [VRFC 10-2263] Analyzing Verilog file "D:/Laptop/College/Projects/EL VI sem/6th_sem_final/6th_sem_final/6th_sem_final.srcs/sources_1/imports/sources_1/imports/pc.v" into library xil_defaultlib
INFO: [VRFC 10-311] analyzing module pc
INFO: [VRFC 10-2263] Analyzing Verilog file "D:/Laptop/College/Projects/EL VI sem/6th_sem_final/6th_sem_final/6th_sem_final.srcs/sources_1/new/prefetch_buffer.v" into library xil_defaultlib
INFO: [VRFC 10-311] analyzing module prefetch_buffer
INFO: [VRFC 10-2263] Analyzing Verilog file "D:/Laptop/College/Projects/EL VI sem/6th_sem_final/6th_sem_final/6th_sem_final.srcs/sources_1/new/prefetch_controller.v" into library xil_defaultlib
INFO: [VRFC 10-311] analyzing module prefetch_controller
INFO: [VRFC 10-2263] Analyzing Verilog file "D:/Laptop/College/Projects/EL VI sem/6th_sem_final/6th_sem_final/6th_sem_final.srcs/sources_1/new/prefetch_filter.v" into library xil_defaultlib
INFO: [VRFC 10-311] analyzing module prefetch_filter
INFO: [VRFC 10-2263] Analyzing Verilog file "D:/Laptop/College/Projects/EL VI sem/6th_sem_final/6th_sem_final/6th_sem_final.srcs/sources_1/imports/sources_1/imports/register_file.v" into library xil_defaultlib
INFO: [VRFC 10-311] analyzing module register_file
INFO: [VRFC 10-2263] Analyzing Verilog file "D:/Laptop/College/Projects/EL VI sem/6th_sem_final/6th_sem_final/6th_sem_final.srcs/sim_1/imports/new/tb_cache.v" into library xil_defaultlib
INFO: [VRFC 10-311] analyzing module tb_cache
WARNING: [VRFC 10-8497] literal value 'd4 truncated to fit in 2 bits [D:/Laptop/College/Projects/EL VI sem/6th_sem_final/6th_sem_final/6th_sem_final.srcs/sim_1/imports/new/tb_cache.v:31]
WARNING: [VRFC 10-8497] literal value 'd4 truncated to fit in 2 bits [D:/Laptop/College/Projects/EL VI sem/6th_sem_final/6th_sem_final/6th_sem_final.srcs/sim_1/imports/new/tb_cache.v:100]
WARNING: [VRFC 10-8497] literal value 'd4 truncated to fit in 2 bits [D:/Laptop/College/Projects/EL VI sem/6th_sem_final/6th_sem_final/6th_sem_final.srcs/sim_1/imports/new/tb_cache.v:108]
WARNING: [VRFC 10-8497] literal value 'd4 truncated to fit in 2 bits [D:/Laptop/College/Projects/EL VI sem/6th_sem_final/6th_sem_final/6th_sem_final.srcs/sim_1/imports/new/tb_cache.v:116]
WARNING: [VRFC 10-8497] literal value 'd4 truncated to fit in 2 bits [D:/Laptop/College/Projects/EL VI sem/6th_sem_final/6th_sem_final/6th_sem_final.srcs/sim_1/imports/new/tb_cache.v:124]
run_program: Time (s): cpu = 00:00:00 ; elapsed = 00:00:06 . Memory (MB): peak = 1266.172 ; gain = 0.000
INFO: [USF-XSim-69] 'compile' step finished in '6' seconds
launch_simulation: Time (s): cpu = 00:00:01 ; elapsed = 00:00:07 . Memory (MB): peak = 1266.172 ; gain = 0.000
Command: launch_simulation -step elaborate -simset sim_1 -mode behavioral
INFO: [Vivado 12-12493] Simulation top is 'tb_cache'
WARNING: [Vivado 12-13340] Unable to auto find GCC executables from simulator install path! (path not set)
INFO: [Vivado 12-5682] Launching behavioral simulation in 'D:/Laptop/College/Projects/EL VI sem/6th_sem_final/6th_sem_final/6th_sem_final.sim/sim_1/behav/xsim'
INFO: [SIM-utils-51] Simulation object is 'sim_1'
INFO: [USF-XSim-3] XSim::Elaborate design
INFO: [USF-XSim-61] Executing 'ELABORATE' step in 'D:/Laptop/College/Projects/EL VI sem/6th_sem_final/6th_sem_final/6th_sem_final.sim/sim_1/behav/xsim'
"xelab --incr --debug typical --relax --mt 2 -L xil_defaultlib -L unisims_ver -L unimacro_ver -L secureip --snapshot tb_cache_behav xil_defaultlib.tb_cache xil_defaultlib.glbl -log elaborate.log"
Vivado Simulator v2024.2.0
Copyright 1986-2022 Xilinx, Inc. All Rights Reserved.
Copyright 2022-2024 Advanced Micro Devices, Inc. All Rights Reserved.
Running: D:/Vivado/2024.2/bin/unwrapped/win64.o/xelab.exe --incr --debug typical --relax --mt 2 -L xil_defaultlib -L unisims_ver -L unimacro_ver -L secureip --snapshot tb_cache_behav xil_defaultlib.tb_cache xil_defaultlib.glbl -log elaborate.log 
Using 2 slave threads.
Starting static elaboration
Pass Through NonSizing Optimizer
Completed static elaboration
Starting simulation data flow analysis
WARNING: [XSIM 43-4099] "D:/Laptop/College/Projects/EL VI sem/6th_sem_final/6th_sem_final/6th_sem_final.srcs/sources_1/imports/sources_1/imports/filesss/datapath.v" Line 18. Module datapath doesn't have a timescale but at least one module in design has a timescale.
WARNING: [XSIM 43-4099] "D:/Laptop/College/Projects/EL VI sem/6th_sem_final/6th_sem_final/6th_sem_final.srcs/sources_1/imports/sources_1/imports/IF_ID_reg.v" Line 6. Module IF_ID_reg doesn't have a timescale but at least one module in design has a timescale.
WARNING: [XSIM 43-4099] "D:/Laptop/College/Projects/EL VI sem/6th_sem_final/6th_sem_final/6th_sem_final.srcs/sources_1/imports/sources_1/imports/imm_gen.v" Line 4. Module imm_gen doesn't have a timescale but at least one module in design has a timescale.
WARNING: [XSIM 43-4099] "D:/Laptop/College/Projects/EL VI sem/6th_sem_final/6th_sem_final/6th_sem_final.srcs/sources_1/imports/sources_1/imports/filesss/control_unit.v" Line 11. Module control_unit doesn't have a timescale but at least one module in design has a timescale.
WARNING: [XSIM 43-4099] "D:/Laptop/College/Projects/EL VI sem/6th_sem_final/6th_sem_final/6th_sem_final.srcs/sources_1/imports/sources_1/imports/hazard_detection_unit.v" Line 21. Module hazard_detection_unit1 doesn't have a timescale but at least one module in design has a timescale.
WARNING: [XSIM 43-4099] "D:/Laptop/College/Projects/EL VI sem/6th_sem_final/6th_sem_final/6th_sem_final.srcs/sources_1/imports/sources_1/imports/filesss/ID_EX_reg.v" Line 8. Module ID_EX_reg doesn't have a timescale but at least one module in design has a timescale.
WARNING: [XSIM 43-4099] "D:/Laptop/College/Projects/EL VI sem/6th_sem_final/6th_sem_final/6th_sem_final.srcs/sources_1/imports/sources_1/imports/forwarding_unit.v" Line 17. Module forwarding_unit doesn't have a timescale but at least one module in design has a timescale.
WARNING: [XSIM 43-4099] "D:/Laptop/College/Projects/EL VI sem/6th_sem_final/6th_sem_final/6th_sem_final.srcs/sources_1/imports/sources_1/imports/alu_control.v" Line 4. Module alu_control doesn't have a timescale but at least one module in design has a timescale.
WARNING: [XSIM 43-4099] "D:/Laptop/College/Projects/EL VI sem/6th_sem_final/6th_sem_final/6th_sem_final.srcs/sources_1/imports/sources_1/imports/alu.v" Line 4. Module alu doesn't have a timescale but at least one module in design has a timescale.
WARNING: [XSIM 43-4099] "D:/Laptop/College/Projects/EL VI sem/6th_sem_final/6th_sem_final/6th_sem_final.srcs/sources_1/imports/sources_1/imports/filesss/EX_MEM_reg.v" Line 93. Module EX_MEM_reg doesn't have a timescale but at least one module in design has a timescale.
WARNING: [XSIM 43-4099] "D:/Laptop/College/Projects/EL VI sem/6th_sem_final/6th_sem_final/6th_sem_final.srcs/sources_1/imports/sources_1/imports/data_memory.v" Line 4. Module data_memory doesn't have a timescale but at least one module in design has a timescale.
WARNING: [XSIM 43-4099] "D:/Laptop/College/Projects/EL VI sem/6th_sem_final/6th_sem_final/6th_sem_final.srcs/sources_1/imports/sources_1/imports/filesss/MEM_WB_reg.v" Line 61. Module MEM_WB_reg doesn't have a timescale but at least one module in design has a timescale.
WARNING: [XSIM 43-4099] "D:/Laptop/College/Projects/EL VI sem/6th_sem_final/6th_sem_final/6th_sem_final.srcs/sources_1/imports/sources_1/imports/filesss/datapath.v" Line 18. Module datapath doesn't have a timescale but at least one module in design has a timescale.
WARNING: [XSIM 43-4099] "D:/Laptop/College/Projects/EL VI sem/6th_sem_final/6th_sem_final/6th_sem_final.srcs/sources_1/imports/sources_1/imports/IF_ID_reg.v" Line 6. Module IF_ID_reg doesn't have a timescale but at least one module in design has a timescale.
WARNING: [XSIM 43-4099] "D:/Laptop/College/Projects/EL VI sem/6th_sem_final/6th_sem_final/6th_sem_final.srcs/sources_1/imports/sources_1/imports/imm_gen.v" Line 4. Module imm_gen doesn't have a timescale but at least one module in design has a timescale.
WARNING: [XSIM 43-4099] "D:/Laptop/College/Projects/EL VI sem/6th_sem_final/6th_sem_final/6th_sem_final.srcs/sources_1/imports/sources_1/imports/filesss/control_unit.v" Line 11. Module control_unit doesn't have a timescale but at least one module in design has a timescale.
WARNING: [XSIM 43-4099] "D:/Laptop/College/Projects/EL VI sem/6th_sem_final/6th_sem_final/6th_sem_final.srcs/sources_1/imports/sources_1/imports/hazard_detection_unit.v" Line 21. Module hazard_detection_unit1 doesn't have a timescale but at least one module in design has a timescale.
WARNING: [XSIM 43-4099] "D:/Laptop/College/Projects/EL VI sem/6th_sem_final/6th_sem_final/6th_sem_final.srcs/sources_1/imports/sources_1/imports/filesss/ID_EX_reg.v" Line 8. Module ID_EX_reg doesn't have a timescale but at least one module in design has a timescale.
WARNING: [XSIM 43-4099] "D:/Laptop/College/Projects/EL VI sem/6th_sem_final/6th_sem_final/6th_sem_final.srcs/sources_1/imports/sources_1/imports/forwarding_unit.v" Line 17. Module forwarding_unit doesn't have a timescale but at least one module in design has a timescale.
WARNING: [XSIM 43-4099] "D:/Laptop/College/Projects/EL VI sem/6th_sem_final/6th_sem_final/6th_sem_final.srcs/sources_1/imports/sources_1/imports/alu_control.v" Line 4. Module alu_control doesn't have a timescale but at least one module in design has a timescale.
WARNING: [XSIM 43-4099] "D:/Laptop/College/Projects/EL VI sem/6th_sem_final/6th_sem_final/6th_sem_final.srcs/sources_1/imports/sources_1/imports/alu.v" Line 4. Module alu doesn't have a timescale but at least one module in design has a timescale.
WARNING: [XSIM 43-4099] "D:/Laptop/College/Projects/EL VI sem/6th_sem_final/6th_sem_final/6th_sem_final.srcs/sources_1/imports/sources_1/imports/filesss/EX_MEM_reg.v" Line 93. Module EX_MEM_reg doesn't have a timescale but at least one module in design has a timescale.
WARNING: [XSIM 43-4099] "D:/Laptop/College/Projects/EL VI sem/6th_sem_final/6th_sem_final/6th_sem_final.srcs/sources_1/imports/sources_1/imports/data_memory.v" Line 4. Module data_memory doesn't have a timescale but at least one module in design has a timescale.
WARNING: [XSIM 43-4099] "D:/Laptop/College/Projects/EL VI sem/6th_sem_final/6th_sem_final/6th_sem_final.srcs/sources_1/imports/sources_1/imports/filesss/MEM_WB_reg.v" Line 61. Module MEM_WB_reg doesn't have a timescale but at least one module in design has a timescale.
Completed simulation data flow analysis
Time Resolution for simulation is 1ps
Compiling module xil_defaultlib.pc
Compiling module xil_defaultlib.instruction_memory
Compiling module xil_defaultlib.IF_ID_reg
Compiling module xil_defaultlib.register_file
Compiling module xil_defaultlib.imm_gen
Compiling module xil_defaultlib.control_unit
Compiling module xil_defaultlib.hazard_detection_unit1
Compiling module xil_defaultlib.ID_EX_reg
Compiling module xil_defaultlib.forwarding_unit
Compiling module xil_defaultlib.alu_control
Compiling module xil_defaultlib.alu
Compiling module xil_defaultlib.EX_MEM_reg
Compiling module xil_defaultlib.mlp_engine_m4
Compiling module xil_defaultlib.ml_prefetcher_m4
Compiling module xil_defaultlib.prefetch_filter
Compiling module xil_defaultlib.prefetch_controller
Compiling module xil_defaultlib.prefetch_buffer
Compiling module xil_defaultlib.l1_cache_default
Compiling module xil_defaultlib.data_memory
Compiling module xil_defaultlib.MEM_WB_reg
Compiling module xil_defaultlib.datapath
Compiling module xil_defaultlib.tb_cache
Compiling module xil_defaultlib.glbl
Built simulation snapshot tb_cache_behav
run_program: Time (s): cpu = 00:00:01 ; elapsed = 00:00:15 . Memory (MB): peak = 1266.172 ; gain = 0.000
INFO: [USF-XSim-69] 'elaborate' step finished in '15' seconds
launch_simulation: Time (s): cpu = 00:00:01 ; elapsed = 00:00:15 . Memory (MB): peak = 1266.172 ; gain = 0.000
Time resolution is 1 ps
Writing simulation log to D:/Laptop/College/Projects/EL VI sem/6th_sem_final/6th_sem_final/mem_access_log_updated.csv
relaunch_sim: Time (s): cpu = 00:00:03 ; elapsed = 00:00:26 . Memory (MB): peak = 1266.172 ; gain = 0.000
run all
================================================
     ML PREFETCHER PREDICTION REPORT
================================================
last addr seen by ML = 0
ML predicted delta   = 8
predicted bytes      = 32
pf_addr predicted    = 32
pf_filled_addr       = 36
expected next addr   = 32
================================================
     CACHE STATS
================================================
accesses = 1701
hits     = 1384
misses   = 317
================================================
     PREFETCH FLAGS
================================================
ml_done_seen     = 1
pf_req_seen      = 1
pf_accepted_seen = 1
pf_filled_seen   = 1
================================================
     PATTERN COUNTS
================================================
pattern 1 stride     ml_done=0 pf_req=0 pf_acc=0 pf_filled=0
pattern 2 repeat     ml_done=0 pf_req=0 pf_acc=0 pf_filled=0
pattern 3 random     ml_done=1 pf_req=1 pf_acc=1 pf_filled=0
pattern 4 function   ml_done=2 pf_req=2 pf_acc=1 pf_filled=1
================================================
$finish called at time : 80045 ns : File "D:/Laptop/College/Projects/EL VI sem/6th_sem_final/6th_sem_final/6th_sem_final.srcs/sim_1/imports/new/tb_cache.v" Line 185
close_sim
INFO: [Simtcl 6-16] Simulation closed
exit
INFO: [Common 17-206] Exiting Vivado at Fri May 15 05:18:40 2026...
