Vivado Simulator v2022.2
Copyright 1986-1999, 2001-2022 Xilinx, Inc. All Rights Reserved.
Running: D:/Vivado/2022.2/bin/unwrapped/win64.o/xelab.exe --incr --debug typical --relax --mt 2 -L xil_defaultlib -L unisims_ver -L unimacro_ver -L secureip --snapshot tb_riscv_pipeline_behav xil_defaultlib.tb_riscv_pipeline xil_defaultlib.glbl -log elaborate.log 
Using 2 slave threads.
Starting static elaboration
Pass Through NonSizing Optimizer
Completed static elaboration
Starting simulation data flow analysis
WARNING: [XSIM 43-4099] "D:/riscv_cache/riscv_cache.srcs/sources_1/imports/filesss/datapath.v" Line 11. Module datapath doesn't have a timescale but at least one module in design has a timescale.
WARNING: [XSIM 43-4099] "D:/riscv_cache/riscv_cache.srcs/sources_1/imports/pc.v" Line 5. Module pc doesn't have a timescale but at least one module in design has a timescale.
WARNING: [XSIM 43-4099] "D:/riscv_cache/riscv_cache.srcs/sources_1/imports/instruction_memory.v" Line 40. Module instruction_memory doesn't have a timescale but at least one module in design has a timescale.
WARNING: [XSIM 43-4099] "D:/riscv_cache/riscv_cache.srcs/sources_1/imports/IF_ID_reg.v" Line 6. Module IF_ID_reg doesn't have a timescale but at least one module in design has a timescale.
WARNING: [XSIM 43-4099] "D:/riscv_cache/riscv_cache.srcs/sources_1/imports/register_file.v" Line 6. Module register_file doesn't have a timescale but at least one module in design has a timescale.
WARNING: [XSIM 43-4099] "D:/riscv_cache/riscv_cache.srcs/sources_1/imports/imm_gen.v" Line 4. Module imm_gen doesn't have a timescale but at least one module in design has a timescale.
WARNING: [XSIM 43-4099] "D:/riscv_cache/riscv_cache.srcs/sources_1/imports/filesss/control_unit.v" Line 11. Module control_unit doesn't have a timescale but at least one module in design has a timescale.
WARNING: [XSIM 43-4099] "D:/riscv_cache/riscv_cache.srcs/sources_1/imports/hazard_detection_unit.v" Line 21. Module hazard_detection_unit1 doesn't have a timescale but at least one module in design has a timescale.
WARNING: [XSIM 43-4099] "D:/riscv_cache/riscv_cache.srcs/sources_1/imports/filesss/ID_EX_reg.v" Line 8. Module ID_EX_reg doesn't have a timescale but at least one module in design has a timescale.
WARNING: [XSIM 43-4099] "D:/riscv_cache/riscv_cache.srcs/sources_1/imports/forwarding_unit.v" Line 17. Module forwarding_unit doesn't have a timescale but at least one module in design has a timescale.
WARNING: [XSIM 43-4099] "D:/riscv_cache/riscv_cache.srcs/sources_1/imports/alu_control.v" Line 4. Module alu_control doesn't have a timescale but at least one module in design has a timescale.
WARNING: [XSIM 43-4099] "D:/riscv_cache/riscv_cache.srcs/sources_1/imports/alu.v" Line 4. Module alu doesn't have a timescale but at least one module in design has a timescale.
WARNING: [XSIM 43-4099] "D:/riscv_cache/riscv_cache.srcs/sources_1/imports/filesss/EX_MEM_reg.v" Line 11. Module EX_MEM_reg doesn't have a timescale but at least one module in design has a timescale.
WARNING: [XSIM 43-4099] "D:/riscv_cache/riscv_cache.srcs/sources_1/imports/data_memory.v" Line 4. Module data_memory doesn't have a timescale but at least one module in design has a timescale.
WARNING: [XSIM 43-4099] "D:/riscv_cache/riscv_cache.srcs/sources_1/imports/filesss/MEM_WB_reg.v" Line 8. Module MEM_WB_reg doesn't have a timescale but at least one module in design has a timescale.
WARNING: [XSIM 43-4099] "D:/riscv_cache/riscv_cache.srcs/sources_1/imports/filesss/datapath.v" Line 11. Module datapath doesn't have a timescale but at least one module in design has a timescale.
WARNING: [XSIM 43-4099] "D:/riscv_cache/riscv_cache.srcs/sources_1/imports/pc.v" Line 5. Module pc doesn't have a timescale but at least one module in design has a timescale.
WARNING: [XSIM 43-4099] "D:/riscv_cache/riscv_cache.srcs/sources_1/imports/instruction_memory.v" Line 40. Module instruction_memory doesn't have a timescale but at least one module in design has a timescale.
WARNING: [XSIM 43-4099] "D:/riscv_cache/riscv_cache.srcs/sources_1/imports/IF_ID_reg.v" Line 6. Module IF_ID_reg doesn't have a timescale but at least one module in design has a timescale.
WARNING: [XSIM 43-4099] "D:/riscv_cache/riscv_cache.srcs/sources_1/imports/register_file.v" Line 6. Module register_file doesn't have a timescale but at least one module in design has a timescale.
WARNING: [XSIM 43-4099] "D:/riscv_cache/riscv_cache.srcs/sources_1/imports/imm_gen.v" Line 4. Module imm_gen doesn't have a timescale but at least one module in design has a timescale.
WARNING: [XSIM 43-4099] "D:/riscv_cache/riscv_cache.srcs/sources_1/imports/filesss/control_unit.v" Line 11. Module control_unit doesn't have a timescale but at least one module in design has a timescale.
WARNING: [XSIM 43-4099] "D:/riscv_cache/riscv_cache.srcs/sources_1/imports/hazard_detection_unit.v" Line 21. Module hazard_detection_unit1 doesn't have a timescale but at least one module in design has a timescale.
WARNING: [XSIM 43-4099] "D:/riscv_cache/riscv_cache.srcs/sources_1/imports/filesss/ID_EX_reg.v" Line 8. Module ID_EX_reg doesn't have a timescale but at least one module in design has a timescale.
WARNING: [XSIM 43-4099] "D:/riscv_cache/riscv_cache.srcs/sources_1/imports/forwarding_unit.v" Line 17. Module forwarding_unit doesn't have a timescale but at least one module in design has a timescale.
WARNING: [XSIM 43-4099] "D:/riscv_cache/riscv_cache.srcs/sources_1/imports/alu_control.v" Line 4. Module alu_control doesn't have a timescale but at least one module in design has a timescale.
WARNING: [XSIM 43-4099] "D:/riscv_cache/riscv_cache.srcs/sources_1/imports/alu.v" Line 4. Module alu doesn't have a timescale but at least one module in design has a timescale.
WARNING: [XSIM 43-4099] "D:/riscv_cache/riscv_cache.srcs/sources_1/imports/filesss/EX_MEM_reg.v" Line 11. Module EX_MEM_reg doesn't have a timescale but at least one module in design has a timescale.
WARNING: [XSIM 43-4099] "D:/riscv_cache/riscv_cache.srcs/sources_1/imports/data_memory.v" Line 4. Module data_memory doesn't have a timescale but at least one module in design has a timescale.
WARNING: [XSIM 43-4099] "D:/riscv_cache/riscv_cache.srcs/sources_1/imports/filesss/MEM_WB_reg.v" Line 8. Module MEM_WB_reg doesn't have a timescale but at least one module in design has a timescale.
Completed simulation data flow analysis
Time Resolution for simulation is 1ps
Compiling module xil_defaultlib.pc
Compiling module xil_defaultlib.instruction_memory
Compiling module xil_defaultlib.IF_ID_reg
Compiling module xil_defaultlib.register_file
Compiling module xil_defaultlib.imm_gen
Compiling module xil_defaultlib.control_unit
Compiling module xil_defaultlib.hazard_detection_unit1
Compiling module xil_defaultlib.ID_EX_reg
Compiling module xil_defaultlib.forwarding_unit
Compiling module xil_defaultlib.alu_control
Compiling module xil_defaultlib.alu
Compiling module xil_defaultlib.EX_MEM_reg
Compiling module xil_defaultlib.data_memory
Compiling module xil_defaultlib.MEM_WB_reg
Compiling module xil_defaultlib.datapath
Compiling module xil_defaultlib.tb_riscv_pipeline
Compiling module xil_defaultlib.glbl
Built simulation snapshot tb_riscv_pipeline_behav
