INFO: [VRFC 10-2263] Analyzing Verilog file "D:/riscv_cache/riscv_cache.srcs/sources_1/imports/filesss/EX_MEM_reg.v" into library xil_defaultlib
INFO: [VRFC 10-311] analyzing module EX_MEM_reg
INFO: [VRFC 10-2263] Analyzing Verilog file "D:/riscv_cache/riscv_cache.srcs/sources_1/imports/filesss/ID_EX_reg.v" into library xil_defaultlib
INFO: [VRFC 10-311] analyzing module ID_EX_reg
INFO: [VRFC 10-2263] Analyzing Verilog file "D:/riscv_cache/riscv_cache.srcs/sources_1/imports/IF_ID_reg.v" into library xil_defaultlib
INFO: [VRFC 10-311] analyzing module IF_ID_reg
INFO: [VRFC 10-2263] Analyzing Verilog file "D:/riscv_cache/riscv_cache.srcs/sources_1/imports/filesss/MEM_WB_reg.v" into library xil_defaultlib
INFO: [VRFC 10-311] analyzing module MEM_WB_reg
INFO: [VRFC 10-2263] Analyzing Verilog file "D:/riscv_cache/riscv_cache.srcs/sources_1/imports/alu.v" into library xil_defaultlib
INFO: [VRFC 10-311] analyzing module alu
INFO: [VRFC 10-2263] Analyzing Verilog file "D:/riscv_cache/riscv_cache.srcs/sources_1/imports/alu_control.v" into library xil_defaultlib
INFO: [VRFC 10-311] analyzing module alu_control
INFO: [VRFC 10-2263] Analyzing Verilog file "D:/riscv_cache/riscv_cache.srcs/sources_1/imports/filesss/control_unit.v" into library xil_defaultlib
INFO: [VRFC 10-311] analyzing module control_unit
INFO: [VRFC 10-2263] Analyzing Verilog file "D:/riscv_cache/riscv_cache.srcs/sources_1/imports/data_memory.v" into library xil_defaultlib
INFO: [VRFC 10-311] analyzing module data_memory
INFO: [VRFC 10-2263] Analyzing Verilog file "D:/riscv_cache/riscv_cache.srcs/sources_1/imports/filesss/datapath.v" into library xil_defaultlib
INFO: [VRFC 10-311] analyzing module datapath
INFO: [VRFC 10-2263] Analyzing Verilog file "D:/riscv_cache/riscv_cache.srcs/sources_1/imports/forwarding_unit.v" into library xil_defaultlib
INFO: [VRFC 10-311] analyzing module forwarding_unit
INFO: [VRFC 10-2263] Analyzing Verilog file "D:/riscv_cache/riscv_cache.srcs/sources_1/imports/hazard_detection_unit.v" into library xil_defaultlib
INFO: [VRFC 10-311] analyzing module hazard_detection_unit1
INFO: [VRFC 10-2263] Analyzing Verilog file "D:/riscv_cache/riscv_cache.srcs/sources_1/imports/imm_gen.v" into library xil_defaultlib
INFO: [VRFC 10-311] analyzing module imm_gen
INFO: [VRFC 10-2263] Analyzing Verilog file "D:/riscv_cache/riscv_cache.srcs/sources_1/imports/instruction_memory.v" into library xil_defaultlib
INFO: [VRFC 10-311] analyzing module instruction_memory
INFO: [VRFC 10-2263] Analyzing Verilog file "D:/riscv_cache/riscv_cache.srcs/sources_1/imports/pc.v" into library xil_defaultlib
INFO: [VRFC 10-311] analyzing module pc
INFO: [VRFC 10-2263] Analyzing Verilog file "D:/riscv_cache/riscv_cache.srcs/sources_1/imports/register_file.v" into library xil_defaultlib
INFO: [VRFC 10-311] analyzing module register_file
INFO: [VRFC 10-2263] Analyzing Verilog file "D:/riscv_cache/riscv_cache.srcs/sim_1/imports/tb_riscv_pipeline.v" into library xil_defaultlib
INFO: [VRFC 10-311] analyzing module tb_riscv_pipeline
