INFO: [VRFC 10-2263] Analyzing Verilog file "D:/Laptop/College/Projects/EL VI sem/6th_sem_final/6th_sem_final/6th_sem_final.srcs/sources_1/imports/sources_1/imports/filesss/EX_MEM_reg.v" into library xil_defaultlib
INFO: [VRFC 10-311] analyzing module EX_MEM_reg
INFO: [VRFC 10-2263] Analyzing Verilog file "D:/Laptop/College/Projects/EL VI sem/6th_sem_final/6th_sem_final/6th_sem_final.srcs/sources_1/imports/sources_1/imports/filesss/ID_EX_reg.v" into library xil_defaultlib
INFO: [VRFC 10-311] analyzing module ID_EX_reg
INFO: [VRFC 10-2263] Analyzing Verilog file "D:/Laptop/College/Projects/EL VI sem/6th_sem_final/6th_sem_final/6th_sem_final.srcs/sources_1/imports/sources_1/imports/IF_ID_reg.v" into library xil_defaultlib
INFO: [VRFC 10-311] analyzing module IF_ID_reg
INFO: [VRFC 10-2263] Analyzing Verilog file "D:/Laptop/College/Projects/EL VI sem/6th_sem_final/6th_sem_final/6th_sem_final.srcs/sources_1/imports/sources_1/imports/filesss/MEM_WB_reg.v" into library xil_defaultlib
INFO: [VRFC 10-311] analyzing module MEM_WB_reg
INFO: [VRFC 10-2263] Analyzing Verilog file "D:/Laptop/College/Projects/EL VI sem/6th_sem_final/6th_sem_final/6th_sem_final.srcs/sources_1/imports/sources_1/imports/alu.v" into library xil_defaultlib
INFO: [VRFC 10-311] analyzing module alu
INFO: [VRFC 10-2263] Analyzing Verilog file "D:/Laptop/College/Projects/EL VI sem/6th_sem_final/6th_sem_final/6th_sem_final.srcs/sources_1/imports/sources_1/imports/alu_control.v" into library xil_defaultlib
INFO: [VRFC 10-311] analyzing module alu_control
INFO: [VRFC 10-2263] Analyzing Verilog file "D:/Laptop/College/Projects/EL VI sem/6th_sem_final/6th_sem_final/6th_sem_final.srcs/sources_1/imports/sources_1/imports/filesss/control_unit.v" into library xil_defaultlib
INFO: [VRFC 10-311] analyzing module control_unit
INFO: [VRFC 10-2263] Analyzing Verilog file "D:/Laptop/College/Projects/EL VI sem/6th_sem_final/6th_sem_final/6th_sem_final.srcs/sources_1/imports/sources_1/imports/data_memory.v" into library xil_defaultlib
INFO: [VRFC 10-311] analyzing module data_memory
INFO: [VRFC 10-2263] Analyzing Verilog file "D:/Laptop/College/Projects/EL VI sem/6th_sem_final/6th_sem_final/6th_sem_final.srcs/sources_1/imports/sources_1/imports/filesss/datapath.v" into library xil_defaultlib
INFO: [VRFC 10-311] analyzing module datapath
WARNING: [VRFC 10-2938] 'obs_valid_w' is already implicitly declared on line 367 [D:/Laptop/College/Projects/EL VI sem/6th_sem_final/6th_sem_final/6th_sem_final.srcs/sources_1/imports/sources_1/imports/filesss/datapath.v:410]
INFO: [VRFC 10-2263] Analyzing Verilog file "D:/Laptop/College/Projects/EL VI sem/6th_sem_final/6th_sem_final/6th_sem_final.srcs/sources_1/imports/sources_1/imports/forwarding_unit.v" into library xil_defaultlib
INFO: [VRFC 10-311] analyzing module forwarding_unit
INFO: [VRFC 10-2263] Analyzing Verilog file "D:/Laptop/College/Projects/EL VI sem/6th_sem_final/6th_sem_final/6th_sem_final.srcs/sources_1/imports/sources_1/imports/hazard_detection_unit.v" into library xil_defaultlib
INFO: [VRFC 10-311] analyzing module hazard_detection_unit1
INFO: [VRFC 10-2263] Analyzing Verilog file "D:/Laptop/College/Projects/EL VI sem/6th_sem_final/6th_sem_final/6th_sem_final.srcs/sources_1/imports/sources_1/imports/imm_gen.v" into library xil_defaultlib
INFO: [VRFC 10-311] analyzing module imm_gen
INFO: [VRFC 10-2263] Analyzing Verilog file "D:/Laptop/College/Projects/EL VI sem/6th_sem_final/6th_sem_final/6th_sem_final.srcs/sources_1/imports/sources_1/imports/instruction_memory.v" into library xil_defaultlib
INFO: [VRFC 10-311] analyzing module instruction_memory
INFO: [VRFC 10-2263] Analyzing Verilog file "D:/Laptop/College/Projects/EL VI sem/6th_sem_final/6th_sem_final/6th_sem_final.srcs/sources_1/imports/sources_1/new/l1_cache.v" into library xil_defaultlib
INFO: [VRFC 10-311] analyzing module l1_cache
INFO: [VRFC 10-2263] Analyzing Verilog file "D:/Laptop/College/Projects/EL VI sem/6th_sem_final/6th_sem_final/6th_sem_final.srcs/sources_1/imports/6thSem/ml_prefetcher_m4.v" into library xil_defaultlib
INFO: [VRFC 10-311] analyzing module ml_prefetcher_m4
INFO: [VRFC 10-2263] Analyzing Verilog file "D:/Laptop/College/Projects/EL VI sem/6th_sem_final/6th_sem_final/6th_sem_final.srcs/sources_1/imports/6thSem/mlp_engine_m4.v" into library xil_defaultlib
INFO: [VRFC 10-311] analyzing module mlp_engine_m4
INFO: [VRFC 10-2263] Analyzing Verilog file "D:/Laptop/College/Projects/EL VI sem/6th_sem_final/6th_sem_final/6th_sem_final.srcs/sources_1/imports/sources_1/imports/pc.v" into library xil_defaultlib
INFO: [VRFC 10-311] analyzing module pc
INFO: [VRFC 10-2263] Analyzing Verilog file "D:/Laptop/College/Projects/EL VI sem/6th_sem_final/6th_sem_final/6th_sem_final.srcs/sources_1/new/prefetch_buffer.v" into library xil_defaultlib
INFO: [VRFC 10-311] analyzing module prefetch_buffer
INFO: [VRFC 10-2263] Analyzing Verilog file "D:/Laptop/College/Projects/EL VI sem/6th_sem_final/6th_sem_final/6th_sem_final.srcs/sources_1/new/prefetch_controller.v" into library xil_defaultlib
INFO: [VRFC 10-311] analyzing module prefetch_controller
INFO: [VRFC 10-2263] Analyzing Verilog file "D:/Laptop/College/Projects/EL VI sem/6th_sem_final/6th_sem_final/6th_sem_final.srcs/sources_1/new/prefetch_filter.v" into library xil_defaultlib
INFO: [VRFC 10-311] analyzing module prefetch_filter
INFO: [VRFC 10-2263] Analyzing Verilog file "D:/Laptop/College/Projects/EL VI sem/6th_sem_final/6th_sem_final/6th_sem_final.srcs/sources_1/imports/sources_1/imports/register_file.v" into library xil_defaultlib
INFO: [VRFC 10-311] analyzing module register_file
INFO: [VRFC 10-2263] Analyzing Verilog file "D:/Laptop/College/Projects/EL VI sem/6th_sem_final/6th_sem_final/6th_sem_final.srcs/sim_1/imports/new/tb_cache.v" into library xil_defaultlib
INFO: [VRFC 10-311] analyzing module tb_cache
WARNING: [VRFC 10-8497] literal value 'd4 truncated to fit in 2 bits [D:/Laptop/College/Projects/EL VI sem/6th_sem_final/6th_sem_final/6th_sem_final.srcs/sim_1/imports/new/tb_cache.v:31]
WARNING: [VRFC 10-8497] literal value 'd4 truncated to fit in 2 bits [D:/Laptop/College/Projects/EL VI sem/6th_sem_final/6th_sem_final/6th_sem_final.srcs/sim_1/imports/new/tb_cache.v:100]
WARNING: [VRFC 10-8497] literal value 'd4 truncated to fit in 2 bits [D:/Laptop/College/Projects/EL VI sem/6th_sem_final/6th_sem_final/6th_sem_final.srcs/sim_1/imports/new/tb_cache.v:108]
WARNING: [VRFC 10-8497] literal value 'd4 truncated to fit in 2 bits [D:/Laptop/College/Projects/EL VI sem/6th_sem_final/6th_sem_final/6th_sem_final.srcs/sim_1/imports/new/tb_cache.v:116]
WARNING: [VRFC 10-8497] literal value 'd4 truncated to fit in 2 bits [D:/Laptop/College/Projects/EL VI sem/6th_sem_final/6th_sem_final/6th_sem_final.srcs/sim_1/imports/new/tb_cache.v:124]
